2026-06-28 15:27:34,787 [ERROR] yfinance: $UNI-USD: possibly delisted; no price data found  (period=5d)
2026-06-28 15:27:34,795 [ERROR] yfinance: 
1 Failed download:
2026-06-28 15:27:34,795 [ERROR] yfinance: ['UNI-USD']: possibly delisted; no price data found  (period=5d)
2026-06-28 15:27:34,973 [ERROR] yfinance: $UNI-USD: possibly delisted; no price data found  (period=90d)
2026-06-28 15:27:34,984 [ERROR] yfinance: 
1 Failed download:
2026-06-28 15:27:34,984 [ERROR] yfinance: ['UNI-USD']: possibly delisted; no price data found  (period=90d)
2026-06-28 15:32:35,822 [ERROR] yfinance: $UNI-USD: possibly delisted; no price data found  (period=5d)
2026-06-28 15:32:35,835 [ERROR] yfinance: 
1 Failed download:
2026-06-28 15:32:35,837 [ERROR] yfinance: ['UNI-USD']: possibly delisted; no price data found  (period=5d)
2026-06-28 15:32:35,979 [ERROR] yfinance: $UNI-USD: possibly delisted; no price data found  (period=90d)
2026-06-28 15:32:35,983 [ERROR] yfinance: 
1 Failed download:
2026-06-28 15:32:35,983 [ERROR] yfinance: ['UNI-USD']: possibly delisted; no price data found  (period=90d)
2026-06-28 15:37:37,497 [ERROR] yfinance: $UNI-USD: possibly delisted; no price data found  (period=5d)
2026-06-28 15:37:37,511 [ERROR] yfinance: 
1 Failed download:
2026-06-28 15:37:37,516 [ERROR] yfinance: ['UNI-USD']: possibly delisted; no price data found  (period=5d)
2026-06-28 15:37:37,677 [ERROR] yfinance: $UNI-USD: possibly delisted; no price data found  (period=90d)
2026-06-28 15:37:37,688 [ERROR] yfinance: 
1 Failed download:
2026-06-28 15:37:37,688 [ERROR] yfinance: ['UNI-USD']: possibly delisted; no price data found  (period=90d)
2026-06-28 15:41:42,134 [ERROR] yfinance: $UNI-USD: possibly delisted; no price data found  (period=5d)
2026-06-28 15:41:42,144 [ERROR] yfinance: 
1 Failed download:
2026-06-28 15:41:42,145 [ERROR] yfinance: ['UNI-USD']: possibly delisted; no price data found  (period=5d)
2026-06-28 15:41:42,251 [ERROR] yfinance: $UNI-USD: possibly delisted; no price data found  (period=90d)
2026-06-28 15:41:42,260 [ERROR] yfinance: 
1 Failed download:
2026-06-28 15:41:42,261 [ERROR] yfinance: ['UNI-USD']: possibly delisted; no price data found  (period=90d)
2026-06-28 15:46:43,435 [ERROR] yfinance: $UNI-USD: possibly delisted; no price data found  (period=5d)
2026-06-28 15:46:43,472 [ERROR] yfinance: 
1 Failed download:
2026-06-28 15:46:43,475 [ERROR] yfinance: ['UNI-USD']: possibly delisted; no price data found  (period=5d)
2026-06-28 15:46:43,613 [ERROR] yfinance: $UNI-USD: possibly delisted; no price data found  (period=90d)
2026-06-28 15:46:43,614 [ERROR] yfinance: 
1 Failed download:
2026-06-28 15:46:43,614 [ERROR] yfinance: ['UNI-USD']: possibly delisted; no price data found  (period=90d)
2026-06-28 15:51:44,474 [ERROR] yfinance: $UNI-USD: possibly delisted; no price data found  (period=5d)
2026-06-28 15:51:44,475 [ERROR] yfinance: 
1 Failed download:
2026-06-28 15:51:44,476 [ERROR] yfinance: ['UNI-USD']: possibly delisted; no price data found  (period=5d)
2026-06-28 15:51:44,590 [ERROR] yfinance: $UNI-USD: possibly delisted; no price data found  (period=90d)
2026-06-28 15:51:44,595 [ERROR] yfinance: 
1 Failed download:
2026-06-28 15:51:44,595 [ERROR] yfinance: ['UNI-USD']: possibly delisted; no price data found  (period=90d)
2026-06-28 15:56:45,661 [ERROR] yfinance: $UNI-USD: possibly delisted; no price data found  (period=5d)
2026-06-28 15:56:45,670 [ERROR] yfinance: 
1 Failed download:
2026-06-28 15:56:45,670 [ERROR] yfinance: ['UNI-USD']: possibly delisted; no price data found  (period=5d)
2026-06-28 15:56:45,795 [ERROR] yfinance: $UNI-USD: possibly delisted; no price data found  (period=90d)
2026-06-28 15:56:45,805 [ERROR] yfinance: 
1 Failed download:
2026-06-28 15:56:45,806 [ERROR] yfinance: ['UNI-USD']: possibly delisted; no price data found  (period=90d)
2026-06-28 16:01:46,806 [ERROR] yfinance: $UNI-USD: possibly delisted; no price data found  (period=5d)
2026-06-28 16:01:46,822 [ERROR] yfinance: 
1 Failed download:
2026-06-28 16:01:46,827 [ERROR] yfinance: ['UNI-USD']: possibly delisted; no price data found  (period=5d)
2026-06-28 16:01:47,004 [ERROR] yfinance: $UNI-USD: possibly delisted; no price data found  (period=90d)
2026-06-28 16:01:47,009 [ERROR] yfinance: 
1 Failed download:
2026-06-28 16:01:47,010 [ERROR] yfinance: ['UNI-USD']: possibly delisted; no price data found  (period=90d)
2026-06-28 16:06:47,779 [ERROR] yfinance: $UNI-USD: possibly delisted; no price data found  (period=5d)
2026-06-28 16:06:47,786 [ERROR] yfinance: 
1 Failed download:
2026-06-28 16:06:47,790 [ERROR] yfinance: ['UNI-USD']: possibly delisted; no price data found  (period=5d)
2026-06-28 16:06:47,925 [ERROR] yfinance: $UNI-USD: possibly delisted; no price data found  (period=90d)
2026-06-28 16:06:47,925 [ERROR] yfinance: 
1 Failed download:
2026-06-28 16:06:47,925 [ERROR] yfinance: ['UNI-USD']: possibly delisted; no price data found  (period=90d)
2026-06-28 16:06:48,073 [INFO] src.portfolio: OPEN  AVAX-USD @ $    6.34  SL $    6.21  TP $    6.59  qty 236.593
2026-06-28 16:11:50,415 [ERROR] yfinance: $UNI-USD: possibly delisted; no price data found  (period=5d)
2026-06-28 16:11:50,428 [ERROR] yfinance: 
1 Failed download:
2026-06-28 16:11:50,434 [ERROR] yfinance: ['UNI-USD']: possibly delisted; no price data found  (period=5d)
2026-06-28 16:11:50,538 [ERROR] yfinance: $UNI-USD: possibly delisted; no price data found  (period=90d)
2026-06-28 16:11:50,539 [ERROR] yfinance: 
1 Failed download:
2026-06-28 16:11:50,539 [ERROR] yfinance: ['UNI-USD']: possibly delisted; no price data found  (period=90d)
2026-06-28 16:16:53,380 [ERROR] yfinance: $UNI-USD: possibly delisted; no price data found  (period=5d)
2026-06-28 16:16:53,380 [ERROR] yfinance: 
1 Failed download:
2026-06-28 16:16:53,381 [ERROR] yfinance: ['UNI-USD']: possibly delisted; no price data found  (period=5d)
2026-06-28 16:16:53,580 [ERROR] yfinance: $UNI-USD: possibly delisted; no price data found  (period=90d)
2026-06-28 16:16:53,582 [ERROR] yfinance: 
1 Failed download:
2026-06-28 16:16:53,588 [ERROR] yfinance: ['UNI-USD']: possibly delisted; no price data found  (period=90d)
2026-06-28 16:22:01,376 [ERROR] yfinance: $UNI-USD: possibly delisted; no price data found  (period=5d)
2026-06-28 16:22:01,385 [ERROR] yfinance: 
1 Failed download:
2026-06-28 16:22:01,386 [ERROR] yfinance: ['UNI-USD']: possibly delisted; no price data found  (period=5d)
2026-06-28 16:22:01,498 [ERROR] yfinance: $UNI-USD: possibly delisted; no price data found  (period=90d)
2026-06-28 16:22:01,505 [ERROR] yfinance: 
1 Failed download:
2026-06-28 16:22:01,506 [ERROR] yfinance: ['UNI-USD']: possibly delisted; no price data found  (period=90d)
2026-06-28 16:27:04,272 [ERROR] yfinance: $UNI-USD: possibly delisted; no price data found  (period=5d)
2026-06-28 16:27:04,283 [ERROR] yfinance: 
1 Failed download:
2026-06-28 16:27:04,284 [ERROR] yfinance: ['UNI-USD']: possibly delisted; no price data found  (period=5d)
2026-06-28 16:27:04,383 [ERROR] yfinance: $UNI-USD: possibly delisted; no price data found  (period=90d)
2026-06-28 16:27:04,388 [ERROR] yfinance: 
1 Failed download:
2026-06-28 16:27:04,388 [ERROR] yfinance: ['UNI-USD']: possibly delisted; no price data found  (period=90d)
2026-06-28 16:32:06,969 [ERROR] yfinance: $UNI-USD: possibly delisted; no price data found  (period=5d)
2026-06-28 16:32:06,977 [ERROR] yfinance: 
1 Failed download:
2026-06-28 16:32:06,981 [ERROR] yfinance: ['UNI-USD']: possibly delisted; no price data found  (period=5d)
2026-06-28 16:32:07,143 [ERROR] yfinance: $UNI-USD: possibly delisted; no price data found  (period=90d)
2026-06-28 16:32:07,146 [ERROR] yfinance: 
1 Failed download:
2026-06-28 16:32:07,146 [ERROR] yfinance: ['UNI-USD']: possibly delisted; no price data found  (period=90d)
2026-06-28 16:37:14,650 [ERROR] yfinance: $UNI-USD: possibly delisted; no price data found  (period=5d)
2026-06-28 16:37:14,665 [ERROR] yfinance: 
1 Failed download:
2026-06-28 16:37:14,666 [ERROR] yfinance: ['UNI-USD']: possibly delisted; no price data found  (period=5d)
2026-06-28 16:37:15,256 [ERROR] yfinance: $UNI-USD: possibly delisted; no price data found  (period=90d)
2026-06-28 16:37:15,261 [ERROR] yfinance: 
1 Failed download:
2026-06-28 16:37:15,261 [ERROR] yfinance: ['UNI-USD']: possibly delisted; no price data found  (period=90d)
2026-06-28 16:42:17,726 [ERROR] yfinance: $UNI-USD: possibly delisted; no price data found  (period=5d)
2026-06-28 16:42:17,732 [ERROR] yfinance: 
1 Failed download:
2026-06-28 16:42:17,732 [ERROR] yfinance: ['UNI-USD']: possibly delisted; no price data found  (period=5d)
2026-06-28 16:42:17,888 [ERROR] yfinance: $UNI-USD: possibly delisted; no price data found  (period=90d)
2026-06-28 16:42:17,891 [ERROR] yfinance: 
1 Failed download:
2026-06-28 16:42:17,891 [ERROR] yfinance: ['UNI-USD']: possibly delisted; no price data found  (period=90d)
2026-06-28 16:47:20,931 [ERROR] yfinance: $UNI-USD: possibly delisted; no price data found  (period=5d)
2026-06-28 16:47:20,939 [ERROR] yfinance: 
1 Failed download:
2026-06-28 16:47:20,942 [ERROR] yfinance: ['UNI-USD']: possibly delisted; no price data found  (period=5d)
2026-06-28 16:47:21,071 [ERROR] yfinance: $UNI-USD: possibly delisted; no price data found  (period=90d)
2026-06-28 16:47:21,091 [ERROR] yfinance: 
1 Failed download:
2026-06-28 16:47:21,093 [ERROR] yfinance: ['UNI-USD']: possibly delisted; no price data found  (period=90d)
2026-06-28 16:52:23,767 [ERROR] yfinance: $UNI-USD: possibly delisted; no price data found  (period=5d)
2026-06-28 16:52:23,773 [ERROR] yfinance: 
1 Failed download:
2026-06-28 16:52:23,778 [ERROR] yfinance: ['UNI-USD']: possibly delisted; no price data found  (period=5d)
2026-06-28 16:52:23,971 [ERROR] yfinance: $UNI-USD: possibly delisted; no price data found  (period=90d)
2026-06-28 16:52:23,983 [ERROR] yfinance: 
1 Failed download:
2026-06-28 16:52:23,990 [ERROR] yfinance: ['UNI-USD']: possibly delisted; no price data found  (period=90d)
2026-06-28 16:57:26,783 [ERROR] yfinance: $UNI-USD: possibly delisted; no price data found  (period=5d)
2026-06-28 16:57:26,797 [ERROR] yfinance: 
1 Failed download:
2026-06-28 16:57:26,798 [ERROR] yfinance: ['UNI-USD']: possibly delisted; no price data found  (period=5d)
2026-06-28 16:57:27,225 [ERROR] yfinance: $UNI-USD: possibly delisted; no price data found  (period=90d)
2026-06-28 16:57:27,227 [ERROR] yfinance: 
1 Failed download:
2026-06-28 16:57:27,227 [ERROR] yfinance: ['UNI-USD']: possibly delisted; no price data found  (period=90d)
2026-06-28 16:57:27,278 [INFO] src.portfolio: OPEN  LINK-USD @ $    7.24  SL $    7.10  TP $    7.53  qty 207.097
2026-06-28 17:02:30,249 [ERROR] yfinance: $UNI-USD: possibly delisted; no price data found  (period=5d)
2026-06-28 17:02:30,260 [ERROR] yfinance: 
1 Failed download:
2026-06-28 17:02:30,261 [ERROR] yfinance: ['UNI-USD']: possibly delisted; no price data found  (period=5d)
2026-06-28 17:02:30,363 [ERROR] yfinance: $UNI-USD: possibly delisted; no price data found  (period=90d)
2026-06-28 17:02:30,378 [ERROR] yfinance: 
1 Failed download:
2026-06-28 17:02:30,379 [ERROR] yfinance: ['UNI-USD']: possibly delisted; no price data found  (period=90d)
2026-06-28 17:07:31,610 [ERROR] yfinance: $UNI-USD: possibly delisted; no price data found  (period=5d)
2026-06-28 17:07:31,634 [ERROR] yfinance: 
1 Failed download:
2026-06-28 17:07:31,636 [ERROR] yfinance: ['UNI-USD']: possibly delisted; no price data found  (period=5d)
2026-06-28 17:07:31,933 [ERROR] yfinance: $UNI-USD: possibly delisted; no price data found  (period=90d)
2026-06-28 17:07:31,935 [ERROR] yfinance: 
1 Failed download:
2026-06-28 17:07:31,935 [ERROR] yfinance: ['UNI-USD']: possibly delisted; no price data found  (period=90d)
2026-06-28 17:12:35,201 [ERROR] yfinance: $UNI-USD: possibly delisted; no price data found  (period=5d)
2026-06-28 17:12:35,212 [ERROR] yfinance: 
1 Failed download:
2026-06-28 17:12:35,213 [ERROR] yfinance: ['UNI-USD']: possibly delisted; no price data found  (period=5d)
2026-06-28 17:12:35,347 [ERROR] yfinance: $UNI-USD: possibly delisted; no price data found  (period=90d)
2026-06-28 17:12:35,353 [ERROR] yfinance: 
1 Failed download:
2026-06-28 17:12:35,355 [ERROR] yfinance: ['UNI-USD']: possibly delisted; no price data found  (period=90d)
2026-06-28 17:17:40,525 [ERROR] yfinance: $UNI-USD: possibly delisted; no price data found  (period=5d)
2026-06-28 17:17:40,545 [ERROR] yfinance: 
1 Failed download:
2026-06-28 17:17:40,545 [ERROR] yfinance: ['UNI-USD']: possibly delisted; no price data found  (period=5d)
2026-06-28 17:17:40,679 [ERROR] yfinance: $UNI-USD: possibly delisted; no price data found  (period=90d)
2026-06-28 17:17:40,689 [ERROR] yfinance: 
1 Failed download:
2026-06-28 17:17:40,689 [ERROR] yfinance: ['UNI-USD']: possibly delisted; no price data found  (period=90d)
2026-06-28 17:22:45,540 [ERROR] yfinance: $UNI-USD: possibly delisted; no price data found  (period=5d)
2026-06-28 17:22:45,585 [ERROR] yfinance: 
1 Failed download:
2026-06-28 17:22:45,596 [ERROR] yfinance: ['UNI-USD']: possibly delisted; no price data found  (period=5d)
2026-06-28 17:22:45,771 [ERROR] yfinance: $UNI-USD: possibly delisted; no price data found  (period=90d)
2026-06-28 17:22:45,784 [ERROR] yfinance: 
1 Failed download:
2026-06-28 17:22:45,786 [ERROR] yfinance: ['UNI-USD']: possibly delisted; no price data found  (period=90d)
2026-06-28 17:27:49,458 [ERROR] yfinance: $UNI-USD: possibly delisted; no price data found  (period=5d)
2026-06-28 17:27:49,461 [ERROR] yfinance: 
1 Failed download:
2026-06-28 17:27:49,461 [ERROR] yfinance: ['UNI-USD']: possibly delisted; no price data found  (period=5d)
2026-06-28 17:27:49,631 [ERROR] yfinance: $UNI-USD: possibly delisted; no price data found  (period=90d)
2026-06-28 17:27:49,640 [ERROR] yfinance: 
1 Failed download:
2026-06-28 17:27:49,641 [ERROR] yfinance: ['UNI-USD']: possibly delisted; no price data found  (period=90d)
2026-06-28 17:32:59,114 [ERROR] yfinance: $UNI-USD: possibly delisted; no price data found  (period=5d)
2026-06-28 17:32:59,131 [ERROR] yfinance: 
1 Failed download:
2026-06-28 17:32:59,131 [ERROR] yfinance: ['UNI-USD']: possibly delisted; no price data found  (period=5d)
2026-06-28 17:32:59,326 [ERROR] yfinance: $UNI-USD: possibly delisted; no price data found  (period=90d)
2026-06-28 17:32:59,334 [ERROR] yfinance: 
1 Failed download:
2026-06-28 17:32:59,335 [ERROR] yfinance: ['UNI-USD']: possibly delisted; no price data found  (period=90d)
2026-06-28 17:38:07,810 [ERROR] yfinance: $UNI-USD: possibly delisted; no price data found  (period=5d)
2026-06-28 17:38:07,822 [ERROR] yfinance: 
1 Failed download:
2026-06-28 17:38:07,829 [ERROR] yfinance: ['UNI-USD']: possibly delisted; no price data found  (period=5d)
2026-06-28 17:38:07,951 [ERROR] yfinance: $UNI-USD: possibly delisted; no price data found  (period=90d)
2026-06-28 17:38:07,959 [ERROR] yfinance: 
1 Failed download:
2026-06-28 17:38:07,959 [ERROR] yfinance: ['UNI-USD']: possibly delisted; no price data found  (period=90d)
2026-06-28 17:43:11,491 [ERROR] yfinance: $UNI-USD: possibly delisted; no price data found  (period=5d)
2026-06-28 17:43:11,521 [ERROR] yfinance: 
1 Failed download:
2026-06-28 17:43:11,521 [ERROR] yfinance: ['UNI-USD']: possibly delisted; no price data found  (period=5d)
2026-06-28 17:43:11,743 [ERROR] yfinance: $UNI-USD: possibly delisted; no price data found  (period=90d)
2026-06-28 17:43:11,766 [ERROR] yfinance: 
1 Failed download:
2026-06-28 17:43:11,770 [ERROR] yfinance: ['UNI-USD']: possibly delisted; no price data found  (period=90d)
2026-06-28 17:43:11,799 [INFO] src.portfolio: OPEN  BTC-USD  @ $59616.62  SL $58424.29  TP $62001.29  qty 0.025
2026-06-28 20:43:08,316 [INFO] src.portfolio: OPEN  LTC-USD  @ $   42.67  SL $   41.82  TP $   44.38  qty 35.154
2026-06-28 21:08:34,014 [INFO] src.portfolio: OPEN  ETH-USD  @ $ 1566.93  SL $ 1535.59  TP $ 1629.61  qty 0.957
2026-06-28 21:08:34,019 [INFO] src.portfolio: OPEN  BNB-USD  @ $  551.10  SL $  540.08  TP $  573.14  qty 2.722
2026-06-28 22:34:52,320 [INFO] src.portfolio: OPEN  SOL-USD  @ $   71.57  SL $   70.14  TP $   74.43  qty 13.274
2026-06-28 23:24:52,554 [INFO] src.portfolio: CLOSE AVAX-USD @ $    6.62  PnL $+66.25 (+4.4%)  [take_profit]
2026-06-29 07:39:42,234 [INFO] src.portfolio: OPEN  AVAX-USD @ $    6.58  SL $    6.45  TP $    6.84  qty 223.784
2026-06-29 16:23:10,042 [INFO] src.portfolio: CLOSE AVAX-USD @ $    6.44  PnL $-31.33 (-2.1%)  [stop_loss]
2026-06-29 17:31:30,475 [INFO] src.portfolio: LOCK  SOL-USD   PnL $+34 → stop raised $70.14 → $72.84 (locks $17)
2026-06-29 17:37:44,084 [INFO] src.portfolio: LOCK  SOL-USD   PnL $+34 → stop raised $72.84 → $72.87 (locks $17)
2026-06-29 18:17:24,118 [INFO] src.portfolio: OPEN  TECL     @ $  209.37  SL $  205.18  TP $  217.74  qty 7.033
2026-06-29 18:27:39,875 [INFO] src.portfolio: CLOSE SOL-USD  @ $   72.82  PnL $+16.59 (+1.7%)  [stop_loss]
2026-06-29 18:48:42,337 [INFO] src.portfolio: OPEN  BNTX     @ $   93.10  SL $   91.24  TP $   96.82  qty 10.485
2026-06-29 19:13:01,536 [INFO] src.portfolio: LOCK  LINK-USD  PnL $+35 → stop raised $7.10 → $7.33 (locks $17)
2026-06-29 19:13:01,539 [INFO] src.portfolio: LOCK  ETH-USD   PnL $+35 → stop raised $1535.59 → $1585.28 (locks $18)
2026-06-29 19:17:10,772 [INFO] src.portfolio: LOCK  LINK-USD  PnL $+47 → stop raised $7.33 → $7.36 (locks $24)
2026-06-29 19:17:10,775 [INFO] src.portfolio: LOCK  ETH-USD   PnL $+54 → stop raised $1585.28 → $1595.03 (locks $27)
2026-06-29 19:19:12,211 [INFO] src.portfolio: LOCK  LINK-USD  PnL $+50 → stop raised $7.36 → $7.36 (locks $25)
2026-06-29 19:19:12,214 [INFO] src.portfolio: LOCK  ETH-USD   PnL $+56 → stop raised $1595.03 → $1596.42 (locks $28)
2026-06-29 19:31:42,258 [INFO] src.portfolio: LOCK  ETH-USD   PnL $+58 → stop raised $1596.42 → $1597.01 (locks $29)
2026-06-29 19:46:07,571 [INFO] src.portfolio: LOCK  ETH-USD   PnL $+64 → stop raised $1597.01 → $1600.46 (locks $32)
2026-06-29 19:46:07,574 [INFO] src.portfolio: CLOSE ETH-USD  @ $ 1633.99  PnL $+64.20 (+4.3%)  [take_profit]
2026-06-29 20:46:04,363 [INFO] src.portfolio: LOCK  TECL      PnL $+31 → stop raised $205.18 → $211.57 (locks $15)
2026-06-29 21:03:07,067 [INFO] src.portfolio: OPEN  MRNA     @ $   69.05  SL $   67.67  TP $   71.81  qty 21.344
2026-06-29 21:45:04,074 [INFO] src.portfolio: EOD   TECL     @ $  212.88  PnL $+24.66 (+1.7%)
2026-06-29 21:45:04,076 [INFO] src.portfolio: EOD   BNTX     @ $   94.07  PnL $+10.17 (+1.0%)
2026-06-29 21:45:04,079 [INFO] src.portfolio: EOD   MRNA     @ $   68.98  PnL $-1.49 (-0.1%)
2026-06-29 21:49:53,335 [INFO] src.portfolio: OPEN  ETH-USD  @ $ 1623.76  SL $ 1591.28  TP $ 1688.71  qty 0.924
2026-06-29 23:47:20,845 [INFO] src.portfolio: OPEN  AVAX-USD @ $    6.70  SL $    6.57  TP $    6.97  qty 223.881
2026-06-30 01:31:00,388 [INFO] src.portfolio: CLOSE LINK-USD @ $    7.36  PnL $+25.06 (+1.7%)  [stop_loss]
2026-06-30 02:40:06,533 [INFO] src.portfolio: CLOSE ETH-USD  @ $ 1590.76  PnL $-30.48 (-2.0%)  [stop_loss]
2026-06-30 05:02:53,211 [INFO] src.portfolio: OPEN  ETH-USD  @ $ 1589.48  SL $ 1557.69  TP $ 1653.06  qty 0.944
2026-06-30 09:10:26,735 [INFO] src.portfolio: CLOSE AVAX-USD @ $    6.56  PnL $-31.34 (-2.1%)  [stop_loss]
2026-06-30 09:52:23,771 [INFO] src.portfolio: OPEN  SOL-USD  @ $   73.95  SL $   72.47  TP $   76.91  qty 20.284
2026-06-30 10:48:16,031 [INFO] src.portfolio: OPEN  AVAX-USD @ $    6.58  SL $    6.45  TP $    6.84  qty 227.964
